// Jest Snapshot v1, https://goo.gl/fbAQLP

exports[`tagRenderer renders 1`] = `"<span><h2>quux</h2></span>"`;

exports[`update the Cheerio dom when the React dom is updated 1`] = `"<div><p>Paragraph</p></div>"`;

exports[`update the Cheerio dom when the React dom is updated 2`] = `"<div><p>Paragraph</p><div>test</div></div>"`;

exports[`update the Cheerio dom when the React dom is updated 3`] = `"<div><p>Paragraph test</p><div>test</div></div>"`;
