// Jest Snapshot v1, https://goo.gl/fbAQLP

exports[`able to have text nodes and tag nodes as children 1`] = `
"<div>
      foo
      <p>bar</p>
      baz
    </div>"
`;

exports[`error handling throws when there is a unknown tag 1`] = `"There was an error rendering a tag at \\"/\\": \\"TypeError: Unknown tag name \\"notag\\".\\""`;

exports[`tagRenderer renders 1`] = `"<span><h2>quux</h2></span>"`;

exports[`update the Cheerio dom when the React dom is updated 1`] = `"<div><p>Paragraph</p></div>"`;

exports[`update the Cheerio dom when the React dom is updated 2`] = `"<div><p>Paragraph</p><div>test</div></div>"`;

exports[`update the Cheerio dom when the React dom is updated 3`] = `"<div><p>Paragraph</p><div>test</div></div>"`;
